mvn : WARNING: A 
terminally deprecated 
method in sun.misc.Unsafe 
has been called
At line:1 char:1
+ mvn compile 2>&1 | 
Out-File -FilePath 
"compile_output.txt"; 
Get-Conte ...
+ ~~~~~~~~~~~~~~~~
    + CategoryInfo        
      : NotSpecified: (W  
  ARNING: A term...has    
 been called:String) [    
], RemoteException
    + FullyQualifiedError 
   Id : NativeCommandErr  
  or
 
WARNING: sun.misc.Unsafe::
staticFieldBase has been 
called by com.google.injec
t.internal.aop.HiddenClass
Definer (file:/C:/apache-m
aven-3.9.11/lib/guice-5.1.
0-classes.jar)
WARNING: Please consider 
reporting this to the 
maintainers of class com.g
oogle.inject.internal.aop.
HiddenClassDefiner
WARNING: sun.misc.Unsafe::
staticFieldBase will be 
removed in a future 
release
[INFO] Scanning for projects...
[INFO] 
[INFO] ---------------------< com.servicehub:servicehub >----------------------
[INFO] Building servicehub 0.0.1-SNAPSHOT
[INFO]   from pom.xml
[INFO] --------------------------------[ jar ]---------------------------------
[INFO] 
[INFO] --- resources:3.3.1:resources (default-resources) @ servicehub ---
[INFO] Copying 1 resource from src\main\resources to target\classes
[INFO] Copying 0 resource from src\main\resources to target\classes
[INFO] 
[INFO] --- compiler:3.14.1:compile (default-compile) @ servicehub ---
[INFO] Nothing to compile - all classes are up to date.
[INFO] ------------------------------------------------------------------------
[INFO] BUILD SUCCESS
[INFO] ------------------------------------------------------------------------
[INFO] Total time:  1.489 s
[INFO] Finished at: 2026-04-05T00:38:29+05:30
[INFO] ------------------------------------------------------------------------
